// Jest Snapshot v1, https://goo.gl/fbAQLP

exports[`App test created 1`] = `
<h1
  className="text-red-500"
>
  Hey 
  Hello
</h1>
`;
